// Jest Snapshot v1, https://goo.gl/fbAQLP

exports[`Modal deve construir o componente corretamente 1`] = `<div />`;
